":/qpdf"
":/qpdf/sRGB2014.icc"
":/qt-project.org"
":/qt-project.org/gui"
":/qt-project.org/gui/painting"
":/qt-project.org/gui/painting/shaders"
":/qt-project.org/gui/painting/shaders/backingstorecompose.vert.qsb"
":/qt-project.org/gui/painting/shaders/backingstorecompose.frag.qsb"
":/qt-project.org/multimedia"
":/qt-project.org/multimedia/shaders"
":/qt-project.org/multimedia/shaders/yvu_triplanar.frag.qsb"
":/qt-project.org/multimedia/shaders/yuv_triplanar.frag.qsb"
":/qt-project.org/multimedia/shaders/uyvy.frag.qsb"
":/qt-project.org/multimedia/shaders/nv12.frag.qsb"
":/qt-project.org/multimedia/shaders/nv21.frag.qsb"
":/qt-project.org/multimedia/shaders/abgr.frag.qsb"
":/qt-project.org/multimedia/shaders/y16.frag.qsb"
":/qt-project.org/multimedia/shaders/imc4.frag.qsb"
":/qt-project.org/multimedia/shaders/imc2.frag.qsb"
":/qt-project.org/multimedia/shaders/y.frag.qsb"
":/qt-project.org/multimedia/shaders/nv12_bt2020_pq.frag.qsb"
":/qt-project.org/multimedia/shaders/argb.frag.qsb"
":/qt-project.org/multimedia/shaders/bgra.frag.qsb"
":/qt-project.org/multimedia/shaders/rgba.frag.qsb"
":/qt-project.org/multimedia/shaders/yuyv.frag.qsb"
":/qt-project.org/multimedia/shaders/ayuv.frag.qsb"
":/qt-project.org/multimedia/shaders/externalsampler.vert.qsb"
":/qt-project.org/multimedia/shaders/nv12_bt2020_hlg.frag.qsb"
":/qt-project.org/multimedia/shaders/p016.frag.qsb"
":/qt-project.org/multimedia/shaders/externalsampler.frag.qsb"
":/qt-project.org/multimedia/shaders/yuv_triplanar_p10.frag.qsb"
":/qt-project.org/multimedia/shaders/vertex.vert.qsb"
":/qt-project.org/multimedia/shaders/y16_linear.frag.qsb"
":/qt-project.org/multimedia/shaders/externalsampler_linear.frag.qsb@glsl,100es,shaders"
":/qt-project.org/multimedia/shaders/externalsampler_linear.frag.qsb@glsl,100es,shaders/externalsampler_gles_linear.frag.qsb"
":/qt-project.org/multimedia/shaders/y_linear.frag.qsb"
":/qt-project.org/multimedia/shaders/ayuv_linear.frag.qsb"
":/qt-project.org/multimedia/shaders/argb_linear.frag.qsb"
":/qt-project.org/multimedia/shaders/uyvy_linear.frag.qsb"
":/qt-project.org/multimedia/shaders/abgr_linear.frag.qsb"
":/qt-project.org/multimedia/shaders/nv12_linear.frag.qsb"
":/qt-project.org/multimedia/shaders/nv21_linear.frag.qsb"
":/qt-project.org/multimedia/shaders/yuyv_linear.frag.qsb"
":/qt-project.org/multimedia/shaders/nv12_bt2020_pq_linear.frag.qsb"
":/qt-project.org/multimedia/shaders/rgba_linear.frag.qsb"
":/qt-project.org/multimedia/shaders/yuv_triplanar_linear.frag.qsb"
":/qt-project.org/multimedia/shaders/yvu_triplanar_linear.frag.qsb"
":/qt-project.org/multimedia/shaders/yuv_triplanar_p10_linear.frag.qsb"
":/qt-project.org/multimedia/shaders/bgra_linear.frag.qsb"
":/qt-project.org/multimedia/shaders/p016_linear.frag.qsb"
":/qt-project.org/multimedia/shaders/imc4_linear.frag.qsb"
":/qt-project.org/multimedia/shaders/imc2_linear.frag.qsb"
":/qt-project.org/multimedia/shaders/nv12_bt2020_hlg_linear.frag.qsb"
":/qt-project.org/multimedia/shaders/rectsampler.vert.qsb"
":/qt-project.org/multimedia/shaders/rectsampler_bgra.frag.qsb"
":/qt-project.org/multimedia/shaders/rectsampler_bgra_linear.frag.qsb"
":/qt-project.org/imports"
":/qt-project.org/imports/QML"
":/qt-project.org/imports/QML/qmldir"
":/qt-project.org/imports/QtQml"
":/qt-project.org/imports/QtQml/Models"
":/qt-project.org/imports/QtQml/Models/qmldir"
":/qt-project.org/imports/QtQml/WorkerScript"
":/qt-project.org/imports/QtQml/WorkerScript/qmldir"
":/qt-project.org/imports/QtQml/qmldir"
":/qt-project.org/imports/QtQuick"
":/qt-project.org/imports/QtQuick/qmldir"
":/qt-project.org/imports/QtQuick/Templates"
":/qt-project.org/imports/QtQuick/Templates/qmldir"
":/qt-project.org/imports/QtQuick/Controls"
":/qt-project.org/imports/QtQuick/Controls/qmldir"
":/qt-project.org/scenegraph"
":/qt-project.org/scenegraph/shaders_ng"
":/qt-project.org/scenegraph/shaders_ng/distancefieldoutlinetext.vert.qsb.mv2qsb"
":/qt-project.org/scenegraph/shaders_ng/visualization.vert.qsb.mv2qsb"
":/qt-project.org/scenegraph/shaders_ng/distancefieldoutlinetext_fwidth.frag.qsb"
":/qt-project.org/scenegraph/shaders_ng/visualization.vert.qsb"
":/qt-project.org/scenegraph/shaders_ng/outlinedtext_a.frag.qsb.mv2qsb"
":/qt-project.org/scenegraph/shaders_ng/outlinedtext.frag.qsb"
":/qt-project.org/scenegraph/shaders_ng/opaquetexture.frag.qsb.mv2qsb"
":/qt-project.org/scenegraph/shaders_ng/smoothcolor.vert.qsb"
":/qt-project.org/scenegraph/shaders_ng/hiqsubpixeldistancefieldtext.vert.qsb"
":/qt-project.org/scenegraph/shaders_ng/styledtext_a.frag.qsb.mv2qsb"
":/qt-project.org/scenegraph/shaders_ng/smoothtexture.vert.qsb"
":/qt-project.org/scenegraph/shaders_ng/outlinedtext.frag.qsb.mv2qsb"
":/qt-project.org/scenegraph/shaders_ng/distancefieldshiftedtext_fwidth.frag.qsb.mv2qsb"
":/qt-project.org/scenegraph/shaders_ng/32bitcolortext.frag.qsb"
":/qt-project.org/scenegraph/shaders_ng/styledtext.vert.qsb"
":/qt-project.org/scenegraph/shaders_ng/distancefieldoutlinetext.frag.qsb"
":/qt-project.org/scenegraph/shaders_ng/vertexcolor.vert.qsb"
":/qt-project.org/scenegraph/shaders_ng/shadereffect.frag.qsb.mv2qsb"
":/qt-project.org/scenegraph/shaders_ng/distancefieldshiftedtext_a.frag.qsb.mv2qsb"
":/qt-project.org/scenegraph/shaders_ng/distancefieldtext.vert.qsb"
":/qt-project.org/scenegraph/shaders_ng/flatcolor.vert.qsb.mv2qsb"
":/qt-project.org/scenegraph/shaders_ng/stencilclip.vert.qsb"
":/qt-project.org/scenegraph/shaders_ng/hiqsubpixeldistancefieldtext.frag.qsb.mv2qsb"
":/qt-project.org/scenegraph/shaders_ng/loqsubpixeldistancefieldtext.frag.qsb.mv2qsb"
":/qt-project.org/scenegraph/shaders_ng/visualization.frag.qsb"
":/qt-project.org/scenegraph/shaders_ng/styledtext.vert.qsb.mv2qsb"
":/qt-project.org/scenegraph/shaders_ng/distancefieldoutlinetext_a.frag.qsb"
":/qt-project.org/scenegraph/shaders_ng/distancefieldtext.frag.qsb.mv2qsb"
":/qt-project.org/scenegraph/shaders_ng/stencilclip.frag.qsb.mv2qsb"
":/qt-project.org/scenegraph/shaders_ng/distancefieldoutlinetext_a_fwidth.frag.qsb.mv2qsb"
":/qt-project.org/scenegraph/shaders_ng/sprite.vert.qsb.mv2qsb"
":/qt-project.org/scenegraph/shaders_ng/distancefieldoutlinetext_a.frag.qsb.mv2qsb"
":/qt-project.org/scenegraph/shaders_ng/textmask.frag.qsb.mv2qsb"
":/qt-project.org/scenegraph/shaders_ng/8bittextmask.frag.qsb.mv2qsb"
":/qt-project.org/scenegraph/shaders_ng/smoothtexture.frag.qsb"
":/qt-project.org/scenegraph/shaders_ng/vertexcolor.frag.qsb.mv2qsb"
":/qt-project.org/scenegraph/shaders_ng/hiqsubpixeldistancefieldtext.frag.qsb"
":/qt-project.org/scenegraph/shaders_ng/smoothcolor.frag.qsb"
":/qt-project.org/scenegraph/shaders_ng/outlinedtext_a.frag.qsb"
":/qt-project.org/scenegraph/shaders_ng/outlinedtext.vert.qsb"
":/qt-project.org/scenegraph/shaders_ng/smoothtexture.vert.qsb.mv2qsb"
":/qt-project.org/scenegraph/shaders_ng/8bittextmask_a.frag.qsb.mv2qsb"
":/qt-project.org/scenegraph/shaders_ng/texture.vert.qsb.mv2qsb"
":/qt-project.org/scenegraph/shaders_ng/vertexcolor.frag.qsb"
":/qt-project.org/scenegraph/shaders_ng/distancefieldtext_fwidth.frag.qsb.mv2qsb"
":/qt-project.org/scenegraph/shaders_ng/8bittextmask_a.frag.qsb"
":/qt-project.org/scenegraph/shaders_ng/distancefieldoutlinetext.vert.qsb"
":/qt-project.org/scenegraph/shaders_ng/24bittextmask.frag.qsb.mv2qsb"
":/qt-project.org/scenegraph/shaders_ng/styledtext.frag.qsb"
":/qt-project.org/scenegraph/shaders_ng/distancefieldtext_a_fwidth.frag.qsb"
":/qt-project.org/scenegraph/shaders_ng/stencilclip.frag.qsb"
":/qt-project.org/scenegraph/shaders_ng/distancefieldshiftedtext_fwidth.frag.qsb"
":/qt-project.org/scenegraph/shaders_ng/smoothcolor.frag.qsb.mv2qsb"
":/qt-project.org/scenegraph/shaders_ng/vertexcolor.vert.qsb.mv2qsb"
":/qt-project.org/scenegraph/shaders_ng/distancefieldtext.frag.qsb"
":/qt-project.org/scenegraph/shaders_ng/styledtext_a.frag.qsb"
":/qt-project.org/scenegraph/shaders_ng/distancefieldshiftedtext.vert.qsb.mv2qsb"
":/qt-project.org/scenegraph/shaders_ng/distancefieldoutlinetext_fwidth.frag.qsb.mv2qsb"
":/qt-project.org/scenegraph/shaders_ng/distancefieldoutlinetext_a_fwidth.frag.qsb"
":/qt-project.org/scenegraph/shaders_ng/styledtext.frag.qsb.mv2qsb"
":/qt-project.org/scenegraph/shaders_ng/sprite.frag.qsb.mv2qsb"
":/qt-project.org/scenegraph/shaders_ng/textmask.vert.qsb.mv2qsb"
":/qt-project.org/scenegraph/shaders_ng/smoothtexture.frag.qsb.mv2qsb"
":/qt-project.org/scenegraph/shaders_ng/distancefieldtext.vert.qsb.mv2qsb"
":/qt-project.org/scenegraph/shaders_ng/distancefieldshiftedtext_a.frag.qsb"
":/qt-project.org/scenegraph/shaders_ng/hiqsubpixeldistancefieldtext_a.frag.qsb.mv2qsb"
":/qt-project.org/scenegraph/shaders_ng/flatcolor.frag.qsb.mv2qsb"
":/qt-project.org/scenegraph/shaders_ng/smoothcolor.vert.qsb.mv2qsb"
":/qt-project.org/scenegraph/shaders_ng/loqsubpixeldistancefieldtext.frag.qsb"
":/qt-project.org/scenegraph/shaders_ng/distancefieldtext_fwidth.frag.qsb"
":/qt-project.org/scenegraph/shaders_ng/hiqsubpixeldistancefieldtext.vert.qsb.mv2qsb"
":/qt-project.org/scenegraph/shaders_ng/loqsubpixeldistancefieldtext.vert.qsb.mv2qsb"
":/qt-project.org/scenegraph/shaders_ng/opaquetexture.vert.qsb"
":/qt-project.org/scenegraph/shaders_ng/loqsubpixeldistancefieldtext_a.frag.qsb"
":/qt-project.org/scenegraph/shaders_ng/hiqsubpixeldistancefieldtext_a.frag.qsb"
":/qt-project.org/scenegraph/shaders_ng/stencilclip.vert.qsb.mv2qsb"
":/qt-project.org/scenegraph/shaders_ng/distancefieldshiftedtext.frag.qsb.mv2qsb"
":/qt-project.org/scenegraph/shaders_ng/texture.frag.qsb.mv2qsb"
":/qt-project.org/scenegraph/shaders_ng/sprite.frag.qsb"
":/qt-project.org/scenegraph/shaders_ng/textmask.vert.qsb"
":/qt-project.org/scenegraph/shaders_ng/distancefieldtext_a.frag.qsb.mv2qsb"
":/qt-project.org/scenegraph/shaders_ng/distancefieldtext_a_fwidth.frag.qsb.mv2qsb"
":/qt-project.org/scenegraph/shaders_ng/texture.vert.qsb"
":/qt-project.org/scenegraph/shaders_ng/shadereffect.vert.qsb"
":/qt-project.org/scenegraph/shaders_ng/distancefieldshiftedtext.frag.qsb"
":/qt-project.org/scenegraph/shaders_ng/flatcolor.vert.qsb"
":/qt-project.org/scenegraph/shaders_ng/outlinedtext.vert.qsb.mv2qsb"
":/qt-project.org/scenegraph/shaders_ng/visualization.frag.qsb.mv2qsb"
":/qt-project.org/scenegraph/shaders_ng/opaquetexture.vert.qsb.mv2qsb"
":/qt-project.org/scenegraph/shaders_ng/32bitcolortext.frag.qsb.mv2qsb"
":/qt-project.org/scenegraph/shaders_ng/distancefieldtext_a.frag.qsb"
":/qt-project.org/scenegraph/shaders_ng/distancefieldshiftedtext_a_fwidth.frag.qsb.mv2qsb"
":/qt-project.org/scenegraph/shaders_ng/opaquetexture.frag.qsb"
":/qt-project.org/scenegraph/shaders_ng/loqsubpixeldistancefieldtext.vert.qsb"
":/qt-project.org/scenegraph/shaders_ng/8bittextmask.frag.qsb"
":/qt-project.org/scenegraph/shaders_ng/24bittextmask.frag.qsb"
":/qt-project.org/scenegraph/shaders_ng/distancefieldoutlinetext.frag.qsb.mv2qsb"
":/qt-project.org/scenegraph/shaders_ng/loqsubpixeldistancefieldtext_a.frag.qsb.mv2qsb"
":/qt-project.org/scenegraph/shaders_ng/sprite.vert.qsb"
":/qt-project.org/scenegraph/shaders_ng/textmask.frag.qsb"
":/qt-project.org/scenegraph/shaders_ng/shadereffect.vert.qsb.mv2qsb"
":/qt-project.org/scenegraph/shaders_ng/distancefieldshiftedtext_a_fwidth.frag.qsb"
":/qt-project.org/scenegraph/shaders_ng/flatcolor.frag.qsb"
":/qt-project.org/scenegraph/shaders_ng/distancefieldshiftedtext.vert.qsb"
":/qt-project.org/scenegraph/shaders_ng/shadereffect.frag.qsb"
":/qt-project.org/scenegraph/shaders_ng/texture.frag.qsb"
":/qt-project.org/scenegraph/shaders_ng/shapestroke.frag.qsb"
":/qt-project.org/scenegraph/shaders_ng/shapestroke.frag.qsb.mv2qsb"
":/qt-project.org/scenegraph/shaders_ng/shapecurve.vert.qsb"
":/qt-project.org/scenegraph/shaders_ng/shapestroke.vert.qsb"
":/qt-project.org/scenegraph/shaders_ng/shapecurve.vert.qsb.mv2qsb"
":/qt-project.org/scenegraph/shaders_ng/shapecurve.frag.qsb"
":/qt-project.org/scenegraph/shaders_ng/shapecurve.frag.qsb.mv2qsb"
":/qt-project.org/scenegraph/shaders_ng/shapestroke.vert.qsb.mv2qsb"
":/qt-project.org/scenegraph/shaders_ng/shapecurve_derivatives.vert.qsb.mv2qsb"
":/qt-project.org/scenegraph/shaders_ng/shapestroke_derivatives.vert.qsb.mv2qsb"
":/qt-project.org/scenegraph/shaders_ng/shapecurve_derivatives.frag.qsb"
":/qt-project.org/scenegraph/shaders_ng/shapecurve_derivatives.vert.qsb"
":/qt-project.org/scenegraph/shaders_ng/shapestroke_derivatives.frag.qsb"
":/qt-project.org/scenegraph/shaders_ng/shapestroke_derivatives.vert.qsb"
":/qt-project.org/scenegraph/shaders_ng/shapecurve_derivatives.frag.qsb.mv2qsb"
":/qt-project.org/scenegraph/shaders_ng/shapestroke_derivatives.frag.qsb.mv2qsb"
":/qt-project.org/scenegraph/shaders_ng/shapecurve_lg.vert.qsb"
":/qt-project.org/scenegraph/shaders_ng/shapecurve_lg.frag.qsb"
":/qt-project.org/scenegraph/shaders_ng/shapecurve_lg.vert.qsb.mv2qsb"
":/qt-project.org/scenegraph/shaders_ng/shapecurve_lg.frag.qsb.mv2qsb"
":/qt-project.org/scenegraph/shaders_ng/shapecurve_lg_derivatives.vert.qsb.mv2qsb"
":/qt-project.org/scenegraph/shaders_ng/shapecurve_lg_derivatives.frag.qsb.mv2qsb"
":/qt-project.org/scenegraph/shaders_ng/shapecurve_lg_derivatives.frag.qsb"
":/qt-project.org/scenegraph/shaders_ng/shapecurve_lg_derivatives.vert.qsb"
":/qt-project.org/scenegraph/shaders_ng/shapecurve_rg.vert.qsb"
":/qt-project.org/scenegraph/shaders_ng/shapecurve_rg.frag.qsb"
":/qt-project.org/scenegraph/shaders_ng/shapecurve_rg.frag.qsb.mv2qsb"
":/qt-project.org/scenegraph/shaders_ng/shapecurve_rg.vert.qsb.mv2qsb"
":/qt-project.org/scenegraph/shaders_ng/shapecurve_rg_derivatives.frag.qsb.mv2qsb"
":/qt-project.org/scenegraph/shaders_ng/shapecurve_rg_derivatives.frag.qsb"
":/qt-project.org/scenegraph/shaders_ng/shapecurve_rg_derivatives.vert.qsb"
":/qt-project.org/scenegraph/shaders_ng/shapecurve_rg_derivatives.vert.qsb.mv2qsb"
":/qt-project.org/scenegraph/shaders_ng/shapecurve_cg.vert.qsb"
":/qt-project.org/scenegraph/shaders_ng/shapecurve_cg.frag.qsb"
":/qt-project.org/scenegraph/shaders_ng/shapecurve_cg.frag.qsb.mv2qsb"
":/qt-project.org/scenegraph/shaders_ng/shapecurve_cg.vert.qsb.mv2qsb"
":/qt-project.org/scenegraph/shaders_ng/shapecurve_cg_derivatives.frag.qsb.mv2qsb"
":/qt-project.org/scenegraph/shaders_ng/shapecurve_cg_derivatives.frag.qsb"
":/qt-project.org/scenegraph/shaders_ng/shapecurve_cg_derivatives.vert.qsb"
":/qt-project.org/scenegraph/shaders_ng/shapecurve_cg_derivatives.vert.qsb.mv2qsb"
":/qt-project.org/scenegraph/shaders_ng/shapecurve_tf.vert.qsb"
":/qt-project.org/scenegraph/shaders_ng/shapecurve_tf.frag.qsb"
":/qt-project.org/scenegraph/shaders_ng/shapecurve_tf.vert.qsb.mv2qsb"
":/qt-project.org/scenegraph/shaders_ng/shapecurve_tf.frag.qsb.mv2qsb"
":/qt-project.org/scenegraph/shaders_ng/shapecurve_tf_derivatives.frag.qsb.mv2qsb"
":/qt-project.org/scenegraph/shaders_ng/shapecurve_tf_derivatives.frag.qsb"
":/qt-project.org/scenegraph/shaders_ng/shapecurve_tf_derivatives.vert.qsb.mv2qsb"
":/qt-project.org/scenegraph/shaders_ng/shapecurve_tf_derivatives.vert.qsb"
":/qt-project.org/mac"
":/qt-project.org/mac/cursors"
":/qt-project.org/mac/cursors/images"
":/qt-project.org/mac/cursors/images/spincursor.png"
":/qt-project.org/mac/cursors/images/waitcursor.png"
":/qt-project.org/mac/cursors/images/sizeallcursor.png"
":/res"
":/res/QtHomeAssistant"
":/res/QtHomeAssistant/qmldir"
":/res/QtHomeAssistant/qml"
":/res/QtHomeAssistant/qml/EntityBase.qml"
":/res/QtHomeAssistant/qml/main.qml"
":/res/QtHomeAssistant/qml/IconImage.qml"
":/res/QtHomeAssistant/qml/Light.qml"
":/res/QtHomeAssistant/qml/Icon.js"
":/res/QtHomeAssistant/images"
":/res/QtHomeAssistant/images/lightbulb-off.svg"
":/res/QtHomeAssistant/images/lightbulb.svg"
":/res/QtHomeAssistant/qtquickcontrols2.conf"
[     0.217][qthass.api][debug][/Users/bartek/Projects/qt-hass/hassapi.cpp@68] QAbstractSocket::ConnectingState
[     0.333][qthass.api][debug][/Users/bartek/Projects/qt-hass/hassapi.cpp@68] QAbstractSocket::ConnectedState
[     0.333][qthass.api][debug][/Users/bartek/Projects/qt-hass/hassapi.cpp@85] Connected to web socket
[     0.339][qthass.api][info][/Users/bartek/Projects/qt-hass/hassapi.cpp@41] Connected to  QUrl("ws://192.168.1.40:8123/api/websocket")
[     0.400][qthass.api][info][/Users/bartek/Projects/qt-hass/hassapi.cpp@95] Registering callback for "light.nspanel_office_relay_1"
